../LVGL_Lib/src/themes/default/../../../src/core/../misc/../font/../draw/../misc/lv_color.h:239:24:lv_color_to_int	24	static
../LVGL_Lib/src/themes/default/../../../src/core/../misc/../font/../draw/../misc/lv_color.h:251:20:lv_color_eq	24	static
../LVGL_Lib/src/themes/default/../../../src/core/../misc/../font/../draw/../misc/lv_color.h:272:26:lv_color_hex	24	static
../LVGL_Lib/src/themes/default/../../../src/core/../misc/../font/../draw/../misc/lv_color.h:288:26:lv_color_make	24	static
../LVGL_Lib/src/themes/default/../../../src/core/../misc/../font/../draw/../misc/lv_color.h:415:26:lv_color_white	16	static
../LVGL_Lib/src/themes/default/../../../src/core/../misc/../font/../draw/../misc/lv_color_op.h:49:48:lv_color_mix	32	static
../LVGL_Lib/src/themes/default/../../../src/core/../misc/../font/../draw/../misc/lv_color_op.h:95:20:lv_color_filter_dsc_init	16	static
../LVGL_Lib/src/themes/default/../../../src/core/../misc/lv_style.h:554:20:lv_style_set_size	24	static
../LVGL_Lib/src/themes/default/../../../src/core/../misc/lv_style.h:560:20:lv_style_set_pad_all	16	static
../LVGL_Lib/src/themes/default/../../../src/core/../misc/lv_style.h:568:20:lv_style_set_pad_hor	16	static
../LVGL_Lib/src/themes/default/../../../src/core/../misc/lv_style.h:574:20:lv_style_set_pad_ver	16	static
../LVGL_Lib/src/themes/default/../../../src/core/../misc/lv_style.h:580:20:lv_style_set_pad_gap	16	static
../LVGL_Lib/src/themes/default/lv_theme_default.c:199:19:dark_color_filter_cb	32	static
../LVGL_Lib/src/themes/default/lv_theme_default.c:205:19:grey_filter_cb	40	static
../LVGL_Lib/src/themes/default/lv_theme_default.c:212:13:style_init	88	static
../LVGL_Lib/src/themes/default/lv_theme_default.c:634:14:lv_theme_default_init	56	static
../LVGL_Lib/src/themes/default/lv_theme_default.c:687:6:lv_theme_default_deinit	24	static
../LVGL_Lib/src/themes/default/lv_theme_default.c:704:14:lv_theme_default_get	8	static
../LVGL_Lib/src/themes/default/lv_theme_default.c:713:6:lv_theme_default_is_inited	16	static
../LVGL_Lib/src/themes/default/lv_theme_default.c:720:13:theme_apply	32	static
../LVGL_Lib/src/themes/default/lv_theme_default.c:1209:13:style_init_reset	16	static
