../LVGL_Lib/examples/widgets/slider/../../../src/core/../misc/../font/../draw/../misc/lv_color.h:288:26:lv_color_make	24	static
../LVGL_Lib/examples/widgets/slider/../../../src/core/../misc/../font/../draw/../misc/lv_color.h:320:26:lv_color_hex3	24	static
../LVGL_Lib/examples/widgets/slider/../../../src/core/../misc/lv_style.h:560:20:lv_style_set_pad_all	16	static
../LVGL_Lib/examples/widgets/slider/../../../src/core/../misc/lv_style.h:574:20:lv_style_set_pad_ver	16	static
../LVGL_Lib/examples/widgets/slider/../../../src/core/../display/lv_display.h:392:26:lv_screen_active	8	static
../LVGL_Lib/examples/widgets/slider/../../../src/core/lv_obj_pos.h:184:20:lv_obj_center	16	static
../LVGL_Lib/examples/widgets/slider/lv_example_slider_2.c:7:6:lv_example_slider_2	40	static
