../LVGL_Lib/examples/widgets/imagebutton/../../../src/core/../misc/../font/../draw/../misc/lv_color.h:288:26:lv_color_make	24	static
../LVGL_Lib/examples/widgets/imagebutton/../../../src/core/../misc/../font/../draw/../misc/lv_color.h:415:26:lv_color_white	16	static
../LVGL_Lib/examples/widgets/imagebutton/../../../src/core/../misc/../font/../draw/../misc/lv_color.h:424:26:lv_color_black	16	static
../LVGL_Lib/examples/widgets/imagebutton/../../../src/core/../display/lv_display.h:392:26:lv_screen_active	8	static
../LVGL_Lib/examples/widgets/imagebutton/lv_example_imagebutton_1.c:4:6:lv_example_imagebutton_1	32	static
