../LVGL_Lib/examples/scroll/../../src/core/../display/lv_display.h:392:26:lv_screen_active	8	static
../LVGL_Lib/examples/scroll/../../src/core/lv_obj_pos.h:184:20:lv_obj_center	16	static
../LVGL_Lib/examples/scroll/../../src/core/lv_obj_style_gen.h:161:23:lv_obj_get_style_pad_right	24	static
../LVGL_Lib/examples/scroll/../../src/lv_api_map_v8.h:71:20:lv_obj_move_foreground	24	static
../LVGL_Lib/examples/scroll/lv_example_scroll_3.c:6:13:float_button_event_cb	64	static
../LVGL_Lib/examples/scroll/lv_example_scroll_3.c:27:6:lv_example_scroll_3	48	static
