../LVGL_Lib/examples/widgets/chart/../../../src/core/../misc/../font/../draw/../misc/lv_color.h:272:26:lv_color_hex	24	static
../LVGL_Lib/examples/widgets/chart/../../../src/core/../misc/../font/../draw/../misc/lv_color_op.h:49:48:lv_color_mix	32	static
../LVGL_Lib/examples/widgets/chart/../../../src/core/../display/lv_display.h:392:26:lv_screen_active	8	static
../LVGL_Lib/examples/widgets/chart/../../../src/core/lv_obj_pos.h:184:20:lv_obj_center	16	static
../LVGL_Lib/examples/widgets/chart/lv_example_chart_4.c:5:13:draw_event_cb	64	static
../LVGL_Lib/examples/widgets/chart/lv_example_chart_4.c:28:6:lv_example_chart_4	24	static
