../LVGL_Lib/examples/widgets/list/../../../src/core/../misc/../font/../draw/../misc/lv_area.h:352:23:lv_pct	16	static
../LVGL_Lib/examples/widgets/list/../../../src/core/../display/lv_display.h:392:26:lv_screen_active	8	static
../LVGL_Lib/examples/widgets/list/../../../src/lv_api_map_v8.h:71:20:lv_obj_move_foreground	24	static
../LVGL_Lib/examples/widgets/list/../../../src/lv_api_map_v8.h:88:20:lv_obj_move_background	16	static
../LVGL_Lib/examples/widgets/list/lv_example_list_2.c:11:13:event_handler	40	static
../LVGL_Lib/examples/widgets/list/lv_example_list_2.c:38:13:event_handler_top	24	static
../LVGL_Lib/examples/widgets/list/lv_example_list_2.c:48:13:event_handler_up	24	static
../LVGL_Lib/examples/widgets/list/lv_example_list_2.c:60:13:event_handler_center	32	static
../LVGL_Lib/examples/widgets/list/lv_example_list_2.c:75:13:event_handler_dn	24	static
../LVGL_Lib/examples/widgets/list/lv_example_list_2.c:87:13:event_handler_bottom	24	static
../LVGL_Lib/examples/widgets/list/lv_example_list_2.c:97:13:event_handler_swap	40	static
../LVGL_Lib/examples/widgets/list/lv_example_list_2.c:114:6:lv_example_list_2	32	static
