../LVGL_Lib/examples/widgets/canvas/../../../src/core/../misc/../font/../draw/../misc/lv_color.h:288:26:lv_color_make	24	static
../LVGL_Lib/examples/widgets/canvas/../../../src/core/../misc/../font/../draw/../misc/lv_color.h:320:26:lv_color_hex3	24	static
../LVGL_Lib/examples/widgets/canvas/../../../src/core/../misc/../font/../draw/../misc/lv_color.h:415:26:lv_color_white	16	static
../LVGL_Lib/examples/widgets/canvas/../../../src/core/../misc/../font/../draw/lv_draw_buf.h:252:20:lv_draw_buf_to_image	16	static
../LVGL_Lib/examples/widgets/canvas/../../../src/core/../display/lv_display.h:392:26:lv_screen_active	8	static
../LVGL_Lib/examples/widgets/canvas/../../../src/core/lv_obj_pos.h:184:20:lv_obj_center	16	static
../LVGL_Lib/examples/widgets/canvas/lv_example_canvas_1.c:7:6:lv_example_canvas_1	464	static
