../LVGL_Lib/examples/widgets/canvas/../../../src/core/../misc/../font/../draw/../misc/lv_color.h:288:26:lv_color_make	24	static
../LVGL_Lib/examples/widgets/canvas/../../../src/core/../misc/../font/../draw/../misc/lv_color.h:320:26:lv_color_hex3	24	static
../LVGL_Lib/examples/widgets/canvas/../../../src/core/../display/lv_display.h:392:26:lv_screen_active	8	static
../LVGL_Lib/examples/widgets/canvas/../../../src/core/lv_obj_pos.h:184:20:lv_obj_center	16	static
../LVGL_Lib/examples/widgets/canvas/lv_example_canvas_3.c:10:6:lv_example_canvas_3	216	static
