../LVGL_Lib/examples/get_started/../../src/core/../misc/../font/../draw/../misc/lv_color.h:288:26:lv_color_make	24	static
../LVGL_Lib/examples/get_started/../../src/core/../misc/../font/../draw/../misc/lv_color.h:424:26:lv_color_black	16	static
../LVGL_Lib/examples/get_started/../../src/core/../misc/../font/../draw/../misc/lv_color_op.h:95:20:lv_color_filter_dsc_init	16	static
../LVGL_Lib/examples/get_started/../../src/core/../display/lv_display.h:392:26:lv_screen_active	8	static
../LVGL_Lib/examples/get_started/../../src/core/lv_obj_pos.h:184:20:lv_obj_center	16	static
../LVGL_Lib/examples/get_started/lv_example_get_started_3.c:8:19:darken	32	static
../LVGL_Lib/examples/get_started/lv_example_get_started_3.c:14:13:style_init	32	static
../LVGL_Lib/examples/get_started/lv_example_get_started_3.c:47:6:lv_example_get_started_3	24	static
