../LVGL_Lib/examples/widgets/buttonmatrix/../../../src/core/../misc/../font/../draw/../misc/lv_color.h:288:26:lv_color_make	24	static
../LVGL_Lib/examples/widgets/buttonmatrix/../../../src/core/../misc/../font/../draw/../misc/lv_color.h:415:26:lv_color_white	16	static
../LVGL_Lib/examples/widgets/buttonmatrix/../../../src/core/../misc/../font/../draw/../misc/lv_color.h:424:26:lv_color_black	16	static
../LVGL_Lib/examples/widgets/buttonmatrix/../../../src/core/../display/lv_display.h:392:26:lv_screen_active	8	static
../LVGL_Lib/examples/widgets/buttonmatrix/../../../src/core/lv_obj_pos.h:184:20:lv_obj_center	16	static
../LVGL_Lib/examples/widgets/buttonmatrix/lv_example_buttonmatrix_2.c:4:13:event_cb	208	static
../LVGL_Lib/examples/widgets/buttonmatrix/lv_example_buttonmatrix_2.c:79:6:lv_example_buttonmatrix_2	16	static
