21:19:55 **** Build of configuration Debug for project TFT-LCD_Driver_LVGL ****
make -j4 all 
arm-none-eabi-gcc "../Core/Src/main.c" -mcpu=cortex-m4 -std=gnu11 -g3 -DDEBUG -DUSE_HAL_DRIVER -DSTM32F411xE -c -I../Core/Inc -I"C:/Users/Yash/Desktop/TFT-LCD/STM32CubeIDE/TFT-LCD_Driver_LVGL" -I../Drivers/STM32F4xx_HAL_Driver/Inc -I../Drivers/STM32F4xx_HAL_Driver/Inc/Legacy -I../Drivers/CMSIS/Device/ST/STM32F4xx/Include -I"C:/Users/Yash/Desktop/TFT-LCD/STM32CubeIDE/TFT-LCD_Driver_LVGL/Drivers/CMSIS/Include" -I"C:/Users/Yash/Desktop/TFT-LCD/STM32CubeIDE/TFT-LCD_Driver_LVGL/LCD" -I"C:/Users/Yash/Desktop/TFT-LCD/STM32CubeIDE/TFT-LCD_Driver_LVGL/LVGL_Lib" -O0 -ffunction-sections -fdata-sections -Wall -fstack-usage -fcyclomatic-complexity -MMD -MP -MF"Core/Src/main.d" -MT"Core/Src/main.o" --specs=nano.specs -mfpu=fpv4-sp-d16 -mfloat-abi=hard -mthumb -o "Core/Src/main.o"
arm-none-eabi-gcc -o "TFT-LCD_Driver_LVGL.elf" @"objects.list"   -mcpu=cortex-m4 -T"C:\Users\Yash\Desktop\TFT-LCD\STM32CubeIDE\TFT-LCD_Driver_LVGL\STM32F411CEUX_FLASH.ld" --specs=nosys.specs -Wl,-Map="TFT-LCD_Driver_LVGL.map" -Wl,--gc-sections -static --specs=nano.specs -mfpu=fpv4-sp-d16 -mfloat-abi=hard -mthumb -Wl,--start-group -lc -lm -Wl,--end-group
Finished building target: TFT-LCD_Driver_LVGL.elf
 
arm-none-eabi-size  TFT-LCD_Driver_LVGL.elf 
arm-none-eabi-objdump -h -S TFT-LCD_Driver_LVGL.elf  > "TFT-LCD_Driver_LVGL.list"
   text	   data	    bss	    dec	    hex	filename
 176944	     36	  67628	 244608	  3bb80	TFT-LCD_Driver_LVGL.elf
Finished building: default.size.stdout
 
Finished building: TFT-LCD_Driver_LVGL.list
 

21:20:32 Build Finished. 0 errors, 0 warnings. (took 37s.345ms)

